// Jest Snapshot v1, https://goo.gl/fbAQLP

exports[`Menu component render correctly 1`] = `true`;
